CRITICAL - 2026-09-18 16:35:36 --> ErrorException: Undefined variable $users
[Method: GET, Route: testUser/1]
in APPPATH/Views/testUser.php on line 13.
 1 APPPATH/Views/testUser.php(13): CodeIgniter\Debug\Exceptions->errorHandler(2, 'Undefined variable $users', '/Applications/MAMP/htdocs/Escrow/app/Views/testUser.php', 13)
 2 SYSTEMPATH/View/View.php(240): include('/Applications/MAMP/htdocs/Escrow/app/Views/testUser.php')
 3 SYSTEMPATH/View/View.php(243): CodeIgniter\View\View->CodeIgniter\View\{closure}()
 4 SYSTEMPATH/Common.php(1268): CodeIgniter\View\View->render('testUser', [], true)
 5 APPPATH/Controllers/Home.php(22): view('testUser', [...])
 6 SYSTEMPATH/CodeIgniter.php(974): App\Controllers\Home->testUser('1')
 7 SYSTEMPATH/CodeIgniter.php(520): CodeIgniter\CodeIgniter->runController(Object(App\Controllers\Home))
 8 SYSTEMPATH/CodeIgniter.php(363): CodeIgniter\CodeIgniter->handleRequest(null, Object(Config\Cache), false)
 9 SYSTEMPATH/Boot.php(417): CodeIgniter\CodeIgniter->run()
10 SYSTEMPATH/Boot.php(68): CodeIgniter\Boot::runCodeIgniter(Object(CodeIgniter\CodeIgniter))
11 FCPATH/index.php(59): CodeIgniter\Boot::bootWeb(Object(Config\Paths))
CRITICAL - 2026-09-18 16:40:54 --> ErrorException: Undefined variable $users
[Method: GET, Route: testUser/1]
in APPPATH/Views/testUser.php on line 13.
 1 APPPATH/Views/testUser.php(13): CodeIgniter\Debug\Exceptions->errorHandler(2, 'Undefined variable $users', '/Applications/MAMP/htdocs/Escrow/app/Views/testUser.php', 13)
 2 SYSTEMPATH/View/View.php(240): include('/Applications/MAMP/htdocs/Escrow/app/Views/testUser.php')
 3 SYSTEMPATH/View/View.php(243): CodeIgniter\View\View->CodeIgniter\View\{closure}()
 4 SYSTEMPATH/Common.php(1268): CodeIgniter\View\View->render('testUser', [], true)
 5 APPPATH/Controllers/Home.php(22): view('testUser', [...])
 6 SYSTEMPATH/CodeIgniter.php(974): App\Controllers\Home->testUser('1')
 7 SYSTEMPATH/CodeIgniter.php(520): CodeIgniter\CodeIgniter->runController(Object(App\Controllers\Home))
 8 SYSTEMPATH/CodeIgniter.php(363): CodeIgniter\CodeIgniter->handleRequest(null, Object(Config\Cache), false)
 9 SYSTEMPATH/Boot.php(417): CodeIgniter\CodeIgniter->run()
10 SYSTEMPATH/Boot.php(68): CodeIgniter\Boot::runCodeIgniter(Object(CodeIgniter\CodeIgniter))
11 FCPATH/index.php(59): CodeIgniter\Boot::bootWeb(Object(Config\Paths))
CRITICAL - 2026-09-18 16:40:55 --> ErrorException: Undefined variable $users
[Method: GET, Route: testUser/1]
in APPPATH/Views/testUser.php on line 13.
 1 APPPATH/Views/testUser.php(13): CodeIgniter\Debug\Exceptions->errorHandler(2, 'Undefined variable $users', '/Applications/MAMP/htdocs/Escrow/app/Views/testUser.php', 13)
 2 SYSTEMPATH/View/View.php(240): include('/Applications/MAMP/htdocs/Escrow/app/Views/testUser.php')
 3 SYSTEMPATH/View/View.php(243): CodeIgniter\View\View->CodeIgniter\View\{closure}()
 4 SYSTEMPATH/Common.php(1268): CodeIgniter\View\View->render('testUser', [], true)
 5 APPPATH/Controllers/Home.php(22): view('testUser', [...])
 6 SYSTEMPATH/CodeIgniter.php(974): App\Controllers\Home->testUser('1')
 7 SYSTEMPATH/CodeIgniter.php(520): CodeIgniter\CodeIgniter->runController(Object(App\Controllers\Home))
 8 SYSTEMPATH/CodeIgniter.php(363): CodeIgniter\CodeIgniter->handleRequest(null, Object(Config\Cache), false)
 9 SYSTEMPATH/Boot.php(417): CodeIgniter\CodeIgniter->run()
10 SYSTEMPATH/Boot.php(68): CodeIgniter\Boot::runCodeIgniter(Object(CodeIgniter\CodeIgniter))
11 FCPATH/index.php(59): CodeIgniter\Boot::bootWeb(Object(Config\Paths))
CRITICAL - 2026-09-18 16:40:55 --> ErrorException: Undefined variable $users
[Method: GET, Route: testUser/1]
in APPPATH/Views/testUser.php on line 13.
 1 APPPATH/Views/testUser.php(13): CodeIgniter\Debug\Exceptions->errorHandler(2, 'Undefined variable $users', '/Applications/MAMP/htdocs/Escrow/app/Views/testUser.php', 13)
 2 SYSTEMPATH/View/View.php(240): include('/Applications/MAMP/htdocs/Escrow/app/Views/testUser.php')
 3 SYSTEMPATH/View/View.php(243): CodeIgniter\View\View->CodeIgniter\View\{closure}()
 4 SYSTEMPATH/Common.php(1268): CodeIgniter\View\View->render('testUser', [], true)
 5 APPPATH/Controllers/Home.php(22): view('testUser', [...])
 6 SYSTEMPATH/CodeIgniter.php(974): App\Controllers\Home->testUser('1')
 7 SYSTEMPATH/CodeIgniter.php(520): CodeIgniter\CodeIgniter->runController(Object(App\Controllers\Home))
 8 SYSTEMPATH/CodeIgniter.php(363): CodeIgniter\CodeIgniter->handleRequest(null, Object(Config\Cache), false)
 9 SYSTEMPATH/Boot.php(417): CodeIgniter\CodeIgniter->run()
10 SYSTEMPATH/Boot.php(68): CodeIgniter\Boot::runCodeIgniter(Object(CodeIgniter\CodeIgniter))
11 FCPATH/index.php(59): CodeIgniter\Boot::bootWeb(Object(Config\Paths))
CRITICAL - 2026-09-18 16:40:56 --> ErrorException: Undefined variable $users
[Method: GET, Route: testUser/1]
in APPPATH/Views/testUser.php on line 13.
 1 APPPATH/Views/testUser.php(13): CodeIgniter\Debug\Exceptions->errorHandler(2, 'Undefined variable $users', '/Applications/MAMP/htdocs/Escrow/app/Views/testUser.php', 13)
 2 SYSTEMPATH/View/View.php(240): include('/Applications/MAMP/htdocs/Escrow/app/Views/testUser.php')
 3 SYSTEMPATH/View/View.php(243): CodeIgniter\View\View->CodeIgniter\View\{closure}()
 4 SYSTEMPATH/Common.php(1268): CodeIgniter\View\View->render('testUser', [], true)
 5 APPPATH/Controllers/Home.php(22): view('testUser', [...])
 6 SYSTEMPATH/CodeIgniter.php(974): App\Controllers\Home->testUser('1')
 7 SYSTEMPATH/CodeIgniter.php(520): CodeIgniter\CodeIgniter->runController(Object(App\Controllers\Home))
 8 SYSTEMPATH/CodeIgniter.php(363): CodeIgniter\CodeIgniter->handleRequest(null, Object(Config\Cache), false)
 9 SYSTEMPATH/Boot.php(417): CodeIgniter\CodeIgniter->run()
10 SYSTEMPATH/Boot.php(68): CodeIgniter\Boot::runCodeIgniter(Object(CodeIgniter\CodeIgniter))
11 FCPATH/index.php(59): CodeIgniter\Boot::bootWeb(Object(Config\Paths))
CRITICAL - 2026-09-18 16:40:56 --> ErrorException: Undefined variable $users
[Method: GET, Route: testUser/1]
in APPPATH/Views/testUser.php on line 13.
 1 APPPATH/Views/testUser.php(13): CodeIgniter\Debug\Exceptions->errorHandler(2, 'Undefined variable $users', '/Applications/MAMP/htdocs/Escrow/app/Views/testUser.php', 13)
 2 SYSTEMPATH/View/View.php(240): include('/Applications/MAMP/htdocs/Escrow/app/Views/testUser.php')
 3 SYSTEMPATH/View/View.php(243): CodeIgniter\View\View->CodeIgniter\View\{closure}()
 4 SYSTEMPATH/Common.php(1268): CodeIgniter\View\View->render('testUser', [], true)
 5 APPPATH/Controllers/Home.php(22): view('testUser', [...])
 6 SYSTEMPATH/CodeIgniter.php(974): App\Controllers\Home->testUser('1')
 7 SYSTEMPATH/CodeIgniter.php(520): CodeIgniter\CodeIgniter->runController(Object(App\Controllers\Home))
 8 SYSTEMPATH/CodeIgniter.php(363): CodeIgniter\CodeIgniter->handleRequest(null, Object(Config\Cache), false)
 9 SYSTEMPATH/Boot.php(417): CodeIgniter\CodeIgniter->run()
10 SYSTEMPATH/Boot.php(68): CodeIgniter\Boot::runCodeIgniter(Object(CodeIgniter\CodeIgniter))
11 FCPATH/index.php(59): CodeIgniter\Boot::bootWeb(Object(Config\Paths))
CRITICAL - 2026-09-18 16:41:06 --> ErrorException: Undefined variable $users
[Method: GET, Route: testUser/1]
in APPPATH/Views/testUser.php on line 13.
 1 APPPATH/Views/testUser.php(13): CodeIgniter\Debug\Exceptions->errorHandler(2, 'Undefined variable $users', '/Applications/MAMP/htdocs/Escrow/app/Views/testUser.php', 13)
 2 SYSTEMPATH/View/View.php(240): include('/Applications/MAMP/htdocs/Escrow/app/Views/testUser.php')
 3 SYSTEMPATH/View/View.php(243): CodeIgniter\View\View->CodeIgniter\View\{closure}()
 4 SYSTEMPATH/Common.php(1268): CodeIgniter\View\View->render('testUser', [], true)
 5 APPPATH/Controllers/Home.php(22): view('testUser', [...])
 6 SYSTEMPATH/CodeIgniter.php(974): App\Controllers\Home->testUser('1')
 7 SYSTEMPATH/CodeIgniter.php(520): CodeIgniter\CodeIgniter->runController(Object(App\Controllers\Home))
 8 SYSTEMPATH/CodeIgniter.php(363): CodeIgniter\CodeIgniter->handleRequest(null, Object(Config\Cache), false)
 9 SYSTEMPATH/Boot.php(417): CodeIgniter\CodeIgniter->run()
10 SYSTEMPATH/Boot.php(68): CodeIgniter\Boot::runCodeIgniter(Object(CodeIgniter\CodeIgniter))
11 FCPATH/index.php(59): CodeIgniter\Boot::bootWeb(Object(Config\Paths))
CRITICAL - 2026-09-18 16:41:06 --> ErrorException: Undefined variable $users
[Method: GET, Route: testUser/1]
in APPPATH/Views/testUser.php on line 13.
 1 APPPATH/Views/testUser.php(13): CodeIgniter\Debug\Exceptions->errorHandler(2, 'Undefined variable $users', '/Applications/MAMP/htdocs/Escrow/app/Views/testUser.php', 13)
 2 SYSTEMPATH/View/View.php(240): include('/Applications/MAMP/htdocs/Escrow/app/Views/testUser.php')
 3 SYSTEMPATH/View/View.php(243): CodeIgniter\View\View->CodeIgniter\View\{closure}()
 4 SYSTEMPATH/Common.php(1268): CodeIgniter\View\View->render('testUser', [], true)
 5 APPPATH/Controllers/Home.php(22): view('testUser', [...])
 6 SYSTEMPATH/CodeIgniter.php(974): App\Controllers\Home->testUser('1')
 7 SYSTEMPATH/CodeIgniter.php(520): CodeIgniter\CodeIgniter->runController(Object(App\Controllers\Home))
 8 SYSTEMPATH/CodeIgniter.php(363): CodeIgniter\CodeIgniter->handleRequest(null, Object(Config\Cache), false)
 9 SYSTEMPATH/Boot.php(417): CodeIgniter\CodeIgniter->run()
10 SYSTEMPATH/Boot.php(68): CodeIgniter\Boot::runCodeIgniter(Object(CodeIgniter\CodeIgniter))
11 FCPATH/index.php(59): CodeIgniter\Boot::bootWeb(Object(Config\Paths))
CRITICAL - 2026-09-18 16:41:07 --> ErrorException: Undefined variable $users
[Method: GET, Route: testUser/1]
in APPPATH/Views/testUser.php on line 13.
 1 APPPATH/Views/testUser.php(13): CodeIgniter\Debug\Exceptions->errorHandler(2, 'Undefined variable $users', '/Applications/MAMP/htdocs/Escrow/app/Views/testUser.php', 13)
 2 SYSTEMPATH/View/View.php(240): include('/Applications/MAMP/htdocs/Escrow/app/Views/testUser.php')
 3 SYSTEMPATH/View/View.php(243): CodeIgniter\View\View->CodeIgniter\View\{closure}()
 4 SYSTEMPATH/Common.php(1268): CodeIgniter\View\View->render('testUser', [], true)
 5 APPPATH/Controllers/Home.php(22): view('testUser', [...])
 6 SYSTEMPATH/CodeIgniter.php(974): App\Controllers\Home->testUser('1')
 7 SYSTEMPATH/CodeIgniter.php(520): CodeIgniter\CodeIgniter->runController(Object(App\Controllers\Home))
 8 SYSTEMPATH/CodeIgniter.php(363): CodeIgniter\CodeIgniter->handleRequest(null, Object(Config\Cache), false)
 9 SYSTEMPATH/Boot.php(417): CodeIgniter\CodeIgniter->run()
10 SYSTEMPATH/Boot.php(68): CodeIgniter\Boot::runCodeIgniter(Object(CodeIgniter\CodeIgniter))
11 FCPATH/index.php(59): CodeIgniter\Boot::bootWeb(Object(Config\Paths))
CRITICAL - 2026-09-18 16:41:07 --> ErrorException: Undefined variable $users
[Method: GET, Route: testUser/1]
in APPPATH/Views/testUser.php on line 13.
 1 APPPATH/Views/testUser.php(13): CodeIgniter\Debug\Exceptions->errorHandler(2, 'Undefined variable $users', '/Applications/MAMP/htdocs/Escrow/app/Views/testUser.php', 13)
 2 SYSTEMPATH/View/View.php(240): include('/Applications/MAMP/htdocs/Escrow/app/Views/testUser.php')
 3 SYSTEMPATH/View/View.php(243): CodeIgniter\View\View->CodeIgniter\View\{closure}()
 4 SYSTEMPATH/Common.php(1268): CodeIgniter\View\View->render('testUser', [], true)
 5 APPPATH/Controllers/Home.php(22): view('testUser', [...])
 6 SYSTEMPATH/CodeIgniter.php(974): App\Controllers\Home->testUser('1')
 7 SYSTEMPATH/CodeIgniter.php(520): CodeIgniter\CodeIgniter->runController(Object(App\Controllers\Home))
 8 SYSTEMPATH/CodeIgniter.php(363): CodeIgniter\CodeIgniter->handleRequest(null, Object(Config\Cache), false)
 9 SYSTEMPATH/Boot.php(417): CodeIgniter\CodeIgniter->run()
10 SYSTEMPATH/Boot.php(68): CodeIgniter\Boot::runCodeIgniter(Object(CodeIgniter\CodeIgniter))
11 FCPATH/index.php(59): CodeIgniter\Boot::bootWeb(Object(Config\Paths))
CRITICAL - 2026-09-18 16:41:08 --> ErrorException: Undefined variable $users
[Method: GET, Route: testUser/1]
in APPPATH/Views/testUser.php on line 13.
 1 APPPATH/Views/testUser.php(13): CodeIgniter\Debug\Exceptions->errorHandler(2, 'Undefined variable $users', '/Applications/MAMP/htdocs/Escrow/app/Views/testUser.php', 13)
 2 SYSTEMPATH/View/View.php(240): include('/Applications/MAMP/htdocs/Escrow/app/Views/testUser.php')
 3 SYSTEMPATH/View/View.php(243): CodeIgniter\View\View->CodeIgniter\View\{closure}()
 4 SYSTEMPATH/Common.php(1268): CodeIgniter\View\View->render('testUser', [], true)
 5 APPPATH/Controllers/Home.php(22): view('testUser', [...])
 6 SYSTEMPATH/CodeIgniter.php(974): App\Controllers\Home->testUser('1')
 7 SYSTEMPATH/CodeIgniter.php(520): CodeIgniter\CodeIgniter->runController(Object(App\Controllers\Home))
 8 SYSTEMPATH/CodeIgniter.php(363): CodeIgniter\CodeIgniter->handleRequest(null, Object(Config\Cache), false)
 9 SYSTEMPATH/Boot.php(417): CodeIgniter\CodeIgniter->run()
10 SYSTEMPATH/Boot.php(68): CodeIgniter\Boot::runCodeIgniter(Object(CodeIgniter\CodeIgniter))
11 FCPATH/index.php(59): CodeIgniter\Boot::bootWeb(Object(Config\Paths))
CRITICAL - 2026-09-18 16:41:08 --> ErrorException: Undefined variable $users
[Method: GET, Route: testUser/1]
in APPPATH/Views/testUser.php on line 13.
 1 APPPATH/Views/testUser.php(13): CodeIgniter\Debug\Exceptions->errorHandler(2, 'Undefined variable $users', '/Applications/MAMP/htdocs/Escrow/app/Views/testUser.php', 13)
 2 SYSTEMPATH/View/View.php(240): include('/Applications/MAMP/htdocs/Escrow/app/Views/testUser.php')
 3 SYSTEMPATH/View/View.php(243): CodeIgniter\View\View->CodeIgniter\View\{closure}()
 4 SYSTEMPATH/Common.php(1268): CodeIgniter\View\View->render('testUser', [], true)
 5 APPPATH/Controllers/Home.php(22): view('testUser', [...])
 6 SYSTEMPATH/CodeIgniter.php(974): App\Controllers\Home->testUser('1')
 7 SYSTEMPATH/CodeIgniter.php(520): CodeIgniter\CodeIgniter->runController(Object(App\Controllers\Home))
 8 SYSTEMPATH/CodeIgniter.php(363): CodeIgniter\CodeIgniter->handleRequest(null, Object(Config\Cache), false)
 9 SYSTEMPATH/Boot.php(417): CodeIgniter\CodeIgniter->run()
10 SYSTEMPATH/Boot.php(68): CodeIgniter\Boot::runCodeIgniter(Object(CodeIgniter\CodeIgniter))
11 FCPATH/index.php(59): CodeIgniter\Boot::bootWeb(Object(Config\Paths))
CRITICAL - 2026-09-18 16:41:08 --> ErrorException: Undefined variable $users
[Method: GET, Route: testUser/1]
in APPPATH/Views/testUser.php on line 13.
 1 APPPATH/Views/testUser.php(13): CodeIgniter\Debug\Exceptions->errorHandler(2, 'Undefined variable $users', '/Applications/MAMP/htdocs/Escrow/app/Views/testUser.php', 13)
 2 SYSTEMPATH/View/View.php(240): include('/Applications/MAMP/htdocs/Escrow/app/Views/testUser.php')
 3 SYSTEMPATH/View/View.php(243): CodeIgniter\View\View->CodeIgniter\View\{closure}()
 4 SYSTEMPATH/Common.php(1268): CodeIgniter\View\View->render('testUser', [], true)
 5 APPPATH/Controllers/Home.php(22): view('testUser', [...])
 6 SYSTEMPATH/CodeIgniter.php(974): App\Controllers\Home->testUser('1')
 7 SYSTEMPATH/CodeIgniter.php(520): CodeIgniter\CodeIgniter->runController(Object(App\Controllers\Home))
 8 SYSTEMPATH/CodeIgniter.php(363): CodeIgniter\CodeIgniter->handleRequest(null, Object(Config\Cache), false)
 9 SYSTEMPATH/Boot.php(417): CodeIgniter\CodeIgniter->run()
10 SYSTEMPATH/Boot.php(68): CodeIgniter\Boot::runCodeIgniter(Object(CodeIgniter\CodeIgniter))
11 FCPATH/index.php(59): CodeIgniter\Boot::bootWeb(Object(Config\Paths))
CRITICAL - 2026-09-18 16:41:09 --> ErrorException: Undefined variable $users
[Method: GET, Route: testUser/1]
in APPPATH/Views/testUser.php on line 13.
 1 APPPATH/Views/testUser.php(13): CodeIgniter\Debug\Exceptions->errorHandler(2, 'Undefined variable $users', '/Applications/MAMP/htdocs/Escrow/app/Views/testUser.php', 13)
 2 SYSTEMPATH/View/View.php(240): include('/Applications/MAMP/htdocs/Escrow/app/Views/testUser.php')
 3 SYSTEMPATH/View/View.php(243): CodeIgniter\View\View->CodeIgniter\View\{closure}()
 4 SYSTEMPATH/Common.php(1268): CodeIgniter\View\View->render('testUser', [], true)
 5 APPPATH/Controllers/Home.php(22): view('testUser', [...])
 6 SYSTEMPATH/CodeIgniter.php(974): App\Controllers\Home->testUser('1')
 7 SYSTEMPATH/CodeIgniter.php(520): CodeIgniter\CodeIgniter->runController(Object(App\Controllers\Home))
 8 SYSTEMPATH/CodeIgniter.php(363): CodeIgniter\CodeIgniter->handleRequest(null, Object(Config\Cache), false)
 9 SYSTEMPATH/Boot.php(417): CodeIgniter\CodeIgniter->run()
10 SYSTEMPATH/Boot.php(68): CodeIgniter\Boot::runCodeIgniter(Object(CodeIgniter\CodeIgniter))
11 FCPATH/index.php(59): CodeIgniter\Boot::bootWeb(Object(Config\Paths))
CRITICAL - 2026-09-18 16:41:09 --> ErrorException: Undefined variable $users
[Method: GET, Route: testUser/1]
in APPPATH/Views/testUser.php on line 13.
 1 APPPATH/Views/testUser.php(13): CodeIgniter\Debug\Exceptions->errorHandler(2, 'Undefined variable $users', '/Applications/MAMP/htdocs/Escrow/app/Views/testUser.php', 13)
 2 SYSTEMPATH/View/View.php(240): include('/Applications/MAMP/htdocs/Escrow/app/Views/testUser.php')
 3 SYSTEMPATH/View/View.php(243): CodeIgniter\View\View->CodeIgniter\View\{closure}()
 4 SYSTEMPATH/Common.php(1268): CodeIgniter\View\View->render('testUser', [], true)
 5 APPPATH/Controllers/Home.php(22): view('testUser', [...])
 6 SYSTEMPATH/CodeIgniter.php(974): App\Controllers\Home->testUser('1')
 7 SYSTEMPATH/CodeIgniter.php(520): CodeIgniter\CodeIgniter->runController(Object(App\Controllers\Home))
 8 SYSTEMPATH/CodeIgniter.php(363): CodeIgniter\CodeIgniter->handleRequest(null, Object(Config\Cache), false)
 9 SYSTEMPATH/Boot.php(417): CodeIgniter\CodeIgniter->run()
10 SYSTEMPATH/Boot.php(68): CodeIgniter\Boot::runCodeIgniter(Object(CodeIgniter\CodeIgniter))
11 FCPATH/index.php(59): CodeIgniter\Boot::bootWeb(Object(Config\Paths))
CRITICAL - 2026-09-18 16:41:09 --> ErrorException: Undefined variable $users
[Method: GET, Route: testUser/1]
in APPPATH/Views/testUser.php on line 13.
 1 APPPATH/Views/testUser.php(13): CodeIgniter\Debug\Exceptions->errorHandler(2, 'Undefined variable $users', '/Applications/MAMP/htdocs/Escrow/app/Views/testUser.php', 13)
 2 SYSTEMPATH/View/View.php(240): include('/Applications/MAMP/htdocs/Escrow/app/Views/testUser.php')
 3 SYSTEMPATH/View/View.php(243): CodeIgniter\View\View->CodeIgniter\View\{closure}()
 4 SYSTEMPATH/Common.php(1268): CodeIgniter\View\View->render('testUser', [], true)
 5 APPPATH/Controllers/Home.php(22): view('testUser', [...])
 6 SYSTEMPATH/CodeIgniter.php(974): App\Controllers\Home->testUser('1')
 7 SYSTEMPATH/CodeIgniter.php(520): CodeIgniter\CodeIgniter->runController(Object(App\Controllers\Home))
 8 SYSTEMPATH/CodeIgniter.php(363): CodeIgniter\CodeIgniter->handleRequest(null, Object(Config\Cache), false)
 9 SYSTEMPATH/Boot.php(417): CodeIgniter\CodeIgniter->run()
10 SYSTEMPATH/Boot.php(68): CodeIgniter\Boot::runCodeIgniter(Object(CodeIgniter\CodeIgniter))
11 FCPATH/index.php(59): CodeIgniter\Boot::bootWeb(Object(Config\Paths))
CRITICAL - 2026-09-18 16:41:09 --> ErrorException: Undefined variable $users
[Method: GET, Route: testUser/1]
in APPPATH/Views/testUser.php on line 13.
 1 APPPATH/Views/testUser.php(13): CodeIgniter\Debug\Exceptions->errorHandler(2, 'Undefined variable $users', '/Applications/MAMP/htdocs/Escrow/app/Views/testUser.php', 13)
 2 SYSTEMPATH/View/View.php(240): include('/Applications/MAMP/htdocs/Escrow/app/Views/testUser.php')
 3 SYSTEMPATH/View/View.php(243): CodeIgniter\View\View->CodeIgniter\View\{closure}()
 4 SYSTEMPATH/Common.php(1268): CodeIgniter\View\View->render('testUser', [], true)
 5 APPPATH/Controllers/Home.php(22): view('testUser', [...])
 6 SYSTEMPATH/CodeIgniter.php(974): App\Controllers\Home->testUser('1')
 7 SYSTEMPATH/CodeIgniter.php(520): CodeIgniter\CodeIgniter->runController(Object(App\Controllers\Home))
 8 SYSTEMPATH/CodeIgniter.php(363): CodeIgniter\CodeIgniter->handleRequest(null, Object(Config\Cache), false)
 9 SYSTEMPATH/Boot.php(417): CodeIgniter\CodeIgniter->run()
10 SYSTEMPATH/Boot.php(68): CodeIgniter\Boot::runCodeIgniter(Object(CodeIgniter\CodeIgniter))
11 FCPATH/index.php(59): CodeIgniter\Boot::bootWeb(Object(Config\Paths))
CRITICAL - 2026-09-18 16:41:09 --> ErrorException: Undefined variable $users
[Method: GET, Route: testUser/1]
in APPPATH/Views/testUser.php on line 13.
 1 APPPATH/Views/testUser.php(13): CodeIgniter\Debug\Exceptions->errorHandler(2, 'Undefined variable $users', '/Applications/MAMP/htdocs/Escrow/app/Views/testUser.php', 13)
 2 SYSTEMPATH/View/View.php(240): include('/Applications/MAMP/htdocs/Escrow/app/Views/testUser.php')
 3 SYSTEMPATH/View/View.php(243): CodeIgniter\View\View->CodeIgniter\View\{closure}()
 4 SYSTEMPATH/Common.php(1268): CodeIgniter\View\View->render('testUser', [], true)
 5 APPPATH/Controllers/Home.php(22): view('testUser', [...])
 6 SYSTEMPATH/CodeIgniter.php(974): App\Controllers\Home->testUser('1')
 7 SYSTEMPATH/CodeIgniter.php(520): CodeIgniter\CodeIgniter->runController(Object(App\Controllers\Home))
 8 SYSTEMPATH/CodeIgniter.php(363): CodeIgniter\CodeIgniter->handleRequest(null, Object(Config\Cache), false)
 9 SYSTEMPATH/Boot.php(417): CodeIgniter\CodeIgniter->run()
10 SYSTEMPATH/Boot.php(68): CodeIgniter\Boot::runCodeIgniter(Object(CodeIgniter\CodeIgniter))
11 FCPATH/index.php(59): CodeIgniter\Boot::bootWeb(Object(Config\Paths))
CRITICAL - 2026-09-18 16:41:10 --> ErrorException: Undefined variable $users
[Method: GET, Route: testUser/1]
in APPPATH/Views/testUser.php on line 13.
 1 APPPATH/Views/testUser.php(13): CodeIgniter\Debug\Exceptions->errorHandler(2, 'Undefined variable $users', '/Applications/MAMP/htdocs/Escrow/app/Views/testUser.php', 13)
 2 SYSTEMPATH/View/View.php(240): include('/Applications/MAMP/htdocs/Escrow/app/Views/testUser.php')
 3 SYSTEMPATH/View/View.php(243): CodeIgniter\View\View->CodeIgniter\View\{closure}()
 4 SYSTEMPATH/Common.php(1268): CodeIgniter\View\View->render('testUser', [], true)
 5 APPPATH/Controllers/Home.php(22): view('testUser', [...])
 6 SYSTEMPATH/CodeIgniter.php(974): App\Controllers\Home->testUser('1')
 7 SYSTEMPATH/CodeIgniter.php(520): CodeIgniter\CodeIgniter->runController(Object(App\Controllers\Home))
 8 SYSTEMPATH/CodeIgniter.php(363): CodeIgniter\CodeIgniter->handleRequest(null, Object(Config\Cache), false)
 9 SYSTEMPATH/Boot.php(417): CodeIgniter\CodeIgniter->run()
10 SYSTEMPATH/Boot.php(68): CodeIgniter\Boot::runCodeIgniter(Object(CodeIgniter\CodeIgniter))
11 FCPATH/index.php(59): CodeIgniter\Boot::bootWeb(Object(Config\Paths))
CRITICAL - 2026-09-18 16:41:10 --> ErrorException: Undefined variable $users
[Method: GET, Route: testUser/1]
in APPPATH/Views/testUser.php on line 13.
 1 APPPATH/Views/testUser.php(13): CodeIgniter\Debug\Exceptions->errorHandler(2, 'Undefined variable $users', '/Applications/MAMP/htdocs/Escrow/app/Views/testUser.php', 13)
 2 SYSTEMPATH/View/View.php(240): include('/Applications/MAMP/htdocs/Escrow/app/Views/testUser.php')
 3 SYSTEMPATH/View/View.php(243): CodeIgniter\View\View->CodeIgniter\View\{closure}()
 4 SYSTEMPATH/Common.php(1268): CodeIgniter\View\View->render('testUser', [], true)
 5 APPPATH/Controllers/Home.php(22): view('testUser', [...])
 6 SYSTEMPATH/CodeIgniter.php(974): App\Controllers\Home->testUser('1')
 7 SYSTEMPATH/CodeIgniter.php(520): CodeIgniter\CodeIgniter->runController(Object(App\Controllers\Home))
 8 SYSTEMPATH/CodeIgniter.php(363): CodeIgniter\CodeIgniter->handleRequest(null, Object(Config\Cache), false)
 9 SYSTEMPATH/Boot.php(417): CodeIgniter\CodeIgniter->run()
10 SYSTEMPATH/Boot.php(68): CodeIgniter\Boot::runCodeIgniter(Object(CodeIgniter\CodeIgniter))
11 FCPATH/index.php(59): CodeIgniter\Boot::bootWeb(Object(Config\Paths))
CRITICAL - 2026-09-18 16:41:11 --> ErrorException: Undefined variable $users
[Method: GET, Route: testUser/1]
in APPPATH/Views/testUser.php on line 13.
 1 APPPATH/Views/testUser.php(13): CodeIgniter\Debug\Exceptions->errorHandler(2, 'Undefined variable $users', '/Applications/MAMP/htdocs/Escrow/app/Views/testUser.php', 13)
 2 SYSTEMPATH/View/View.php(240): include('/Applications/MAMP/htdocs/Escrow/app/Views/testUser.php')
 3 SYSTEMPATH/View/View.php(243): CodeIgniter\View\View->CodeIgniter\View\{closure}()
 4 SYSTEMPATH/Common.php(1268): CodeIgniter\View\View->render('testUser', [], true)
 5 APPPATH/Controllers/Home.php(22): view('testUser', [...])
 6 SYSTEMPATH/CodeIgniter.php(974): App\Controllers\Home->testUser('1')
 7 SYSTEMPATH/CodeIgniter.php(520): CodeIgniter\CodeIgniter->runController(Object(App\Controllers\Home))
 8 SYSTEMPATH/CodeIgniter.php(363): CodeIgniter\CodeIgniter->handleRequest(null, Object(Config\Cache), false)
 9 SYSTEMPATH/Boot.php(417): CodeIgniter\CodeIgniter->run()
10 SYSTEMPATH/Boot.php(68): CodeIgniter\Boot::runCodeIgniter(Object(CodeIgniter\CodeIgniter))
11 FCPATH/index.php(59): CodeIgniter\Boot::bootWeb(Object(Config\Paths))
CRITICAL - 2026-09-18 16:41:11 --> ErrorException: Undefined variable $users
[Method: GET, Route: testUser/1]
in APPPATH/Views/testUser.php on line 13.
 1 APPPATH/Views/testUser.php(13): CodeIgniter\Debug\Exceptions->errorHandler(2, 'Undefined variable $users', '/Applications/MAMP/htdocs/Escrow/app/Views/testUser.php', 13)
 2 SYSTEMPATH/View/View.php(240): include('/Applications/MAMP/htdocs/Escrow/app/Views/testUser.php')
 3 SYSTEMPATH/View/View.php(243): CodeIgniter\View\View->CodeIgniter\View\{closure}()
 4 SYSTEMPATH/Common.php(1268): CodeIgniter\View\View->render('testUser', [], true)
 5 APPPATH/Controllers/Home.php(22): view('testUser', [...])
 6 SYSTEMPATH/CodeIgniter.php(974): App\Controllers\Home->testUser('1')
 7 SYSTEMPATH/CodeIgniter.php(520): CodeIgniter\CodeIgniter->runController(Object(App\Controllers\Home))
 8 SYSTEMPATH/CodeIgniter.php(363): CodeIgniter\CodeIgniter->handleRequest(null, Object(Config\Cache), false)
 9 SYSTEMPATH/Boot.php(417): CodeIgniter\CodeIgniter->run()
10 SYSTEMPATH/Boot.php(68): CodeIgniter\Boot::runCodeIgniter(Object(CodeIgniter\CodeIgniter))
11 FCPATH/index.php(59): CodeIgniter\Boot::bootWeb(Object(Config\Paths))
CRITICAL - 2026-09-18 16:41:11 --> ErrorException: Undefined variable $users
[Method: GET, Route: testUser/1]
in APPPATH/Views/testUser.php on line 13.
 1 APPPATH/Views/testUser.php(13): CodeIgniter\Debug\Exceptions->errorHandler(2, 'Undefined variable $users', '/Applications/MAMP/htdocs/Escrow/app/Views/testUser.php', 13)
 2 SYSTEMPATH/View/View.php(240): include('/Applications/MAMP/htdocs/Escrow/app/Views/testUser.php')
 3 SYSTEMPATH/View/View.php(243): CodeIgniter\View\View->CodeIgniter\View\{closure}()
 4 SYSTEMPATH/Common.php(1268): CodeIgniter\View\View->render('testUser', [], true)
 5 APPPATH/Controllers/Home.php(22): view('testUser', [...])
 6 SYSTEMPATH/CodeIgniter.php(974): App\Controllers\Home->testUser('1')
 7 SYSTEMPATH/CodeIgniter.php(520): CodeIgniter\CodeIgniter->runController(Object(App\Controllers\Home))
 8 SYSTEMPATH/CodeIgniter.php(363): CodeIgniter\CodeIgniter->handleRequest(null, Object(Config\Cache), false)
 9 SYSTEMPATH/Boot.php(417): CodeIgniter\CodeIgniter->run()
10 SYSTEMPATH/Boot.php(68): CodeIgniter\Boot::runCodeIgniter(Object(CodeIgniter\CodeIgniter))
11 FCPATH/index.php(59): CodeIgniter\Boot::bootWeb(Object(Config\Paths))
CRITICAL - 2026-09-18 16:41:11 --> ErrorException: Undefined variable $users
[Method: GET, Route: testUser/1]
in APPPATH/Views/testUser.php on line 13.
 1 APPPATH/Views/testUser.php(13): CodeIgniter\Debug\Exceptions->errorHandler(2, 'Undefined variable $users', '/Applications/MAMP/htdocs/Escrow/app/Views/testUser.php', 13)
 2 SYSTEMPATH/View/View.php(240): include('/Applications/MAMP/htdocs/Escrow/app/Views/testUser.php')
 3 SYSTEMPATH/View/View.php(243): CodeIgniter\View\View->CodeIgniter\View\{closure}()
 4 SYSTEMPATH/Common.php(1268): CodeIgniter\View\View->render('testUser', [], true)
 5 APPPATH/Controllers/Home.php(22): view('testUser', [...])
 6 SYSTEMPATH/CodeIgniter.php(974): App\Controllers\Home->testUser('1')
 7 SYSTEMPATH/CodeIgniter.php(520): CodeIgniter\CodeIgniter->runController(Object(App\Controllers\Home))
 8 SYSTEMPATH/CodeIgniter.php(363): CodeIgniter\CodeIgniter->handleRequest(null, Object(Config\Cache), false)
 9 SYSTEMPATH/Boot.php(417): CodeIgniter\CodeIgniter->run()
10 SYSTEMPATH/Boot.php(68): CodeIgniter\Boot::runCodeIgniter(Object(CodeIgniter\CodeIgniter))
11 FCPATH/index.php(59): CodeIgniter\Boot::bootWeb(Object(Config\Paths))
CRITICAL - 2026-09-18 16:41:11 --> ErrorException: Undefined variable $users
[Method: GET, Route: testUser/1]
in APPPATH/Views/testUser.php on line 13.
 1 APPPATH/Views/testUser.php(13): CodeIgniter\Debug\Exceptions->errorHandler(2, 'Undefined variable $users', '/Applications/MAMP/htdocs/Escrow/app/Views/testUser.php', 13)
 2 SYSTEMPATH/View/View.php(240): include('/Applications/MAMP/htdocs/Escrow/app/Views/testUser.php')
 3 SYSTEMPATH/View/View.php(243): CodeIgniter\View\View->CodeIgniter\View\{closure}()
 4 SYSTEMPATH/Common.php(1268): CodeIgniter\View\View->render('testUser', [], true)
 5 APPPATH/Controllers/Home.php(22): view('testUser', [...])
 6 SYSTEMPATH/CodeIgniter.php(974): App\Controllers\Home->testUser('1')
 7 SYSTEMPATH/CodeIgniter.php(520): CodeIgniter\CodeIgniter->runController(Object(App\Controllers\Home))
 8 SYSTEMPATH/CodeIgniter.php(363): CodeIgniter\CodeIgniter->handleRequest(null, Object(Config\Cache), false)
 9 SYSTEMPATH/Boot.php(417): CodeIgniter\CodeIgniter->run()
10 SYSTEMPATH/Boot.php(68): CodeIgniter\Boot::runCodeIgniter(Object(CodeIgniter\CodeIgniter))
11 FCPATH/index.php(59): CodeIgniter\Boot::bootWeb(Object(Config\Paths))
CRITICAL - 2026-09-18 16:41:29 --> ErrorException: Undefined variable $users
[Method: GET, Route: testUser/1]
in APPPATH/Views/testUser.php on line 13.
 1 APPPATH/Views/testUser.php(13): CodeIgniter\Debug\Exceptions->errorHandler(2, 'Undefined variable $users', '/Applications/MAMP/htdocs/Escrow/app/Views/testUser.php', 13)
 2 SYSTEMPATH/View/View.php(240): include('/Applications/MAMP/htdocs/Escrow/app/Views/testUser.php')
 3 SYSTEMPATH/View/View.php(243): CodeIgniter\View\View->CodeIgniter\View\{closure}()
 4 SYSTEMPATH/Common.php(1268): CodeIgniter\View\View->render('testUser', [], true)
 5 APPPATH/Controllers/Home.php(22): view('testUser', [...])
 6 SYSTEMPATH/CodeIgniter.php(974): App\Controllers\Home->testUser('1')
 7 SYSTEMPATH/CodeIgniter.php(520): CodeIgniter\CodeIgniter->runController(Object(App\Controllers\Home))
 8 SYSTEMPATH/CodeIgniter.php(363): CodeIgniter\CodeIgniter->handleRequest(null, Object(Config\Cache), false)
 9 SYSTEMPATH/Boot.php(417): CodeIgniter\CodeIgniter->run()
10 SYSTEMPATH/Boot.php(68): CodeIgniter\Boot::runCodeIgniter(Object(CodeIgniter\CodeIgniter))
11 FCPATH/index.php(59): CodeIgniter\Boot::bootWeb(Object(Config\Paths))
CRITICAL - 2026-09-18 16:41:29 --> ErrorException: Undefined variable $users
[Method: GET, Route: testUser/1]
in APPPATH/Views/testUser.php on line 13.
 1 APPPATH/Views/testUser.php(13): CodeIgniter\Debug\Exceptions->errorHandler(2, 'Undefined variable $users', '/Applications/MAMP/htdocs/Escrow/app/Views/testUser.php', 13)
 2 SYSTEMPATH/View/View.php(240): include('/Applications/MAMP/htdocs/Escrow/app/Views/testUser.php')
 3 SYSTEMPATH/View/View.php(243): CodeIgniter\View\View->CodeIgniter\View\{closure}()
 4 SYSTEMPATH/Common.php(1268): CodeIgniter\View\View->render('testUser', [], true)
 5 APPPATH/Controllers/Home.php(22): view('testUser', [...])
 6 SYSTEMPATH/CodeIgniter.php(974): App\Controllers\Home->testUser('1')
 7 SYSTEMPATH/CodeIgniter.php(520): CodeIgniter\CodeIgniter->runController(Object(App\Controllers\Home))
 8 SYSTEMPATH/CodeIgniter.php(363): CodeIgniter\CodeIgniter->handleRequest(null, Object(Config\Cache), false)
 9 SYSTEMPATH/Boot.php(417): CodeIgniter\CodeIgniter->run()
10 SYSTEMPATH/Boot.php(68): CodeIgniter\Boot::runCodeIgniter(Object(CodeIgniter\CodeIgniter))
11 FCPATH/index.php(59): CodeIgniter\Boot::bootWeb(Object(Config\Paths))
CRITICAL - 2026-09-18 16:41:30 --> ErrorException: Undefined variable $users
[Method: GET, Route: testUser/1]
in APPPATH/Views/testUser.php on line 13.
 1 APPPATH/Views/testUser.php(13): CodeIgniter\Debug\Exceptions->errorHandler(2, 'Undefined variable $users', '/Applications/MAMP/htdocs/Escrow/app/Views/testUser.php', 13)
 2 SYSTEMPATH/View/View.php(240): include('/Applications/MAMP/htdocs/Escrow/app/Views/testUser.php')
 3 SYSTEMPATH/View/View.php(243): CodeIgniter\View\View->CodeIgniter\View\{closure}()
 4 SYSTEMPATH/Common.php(1268): CodeIgniter\View\View->render('testUser', [], true)
 5 APPPATH/Controllers/Home.php(22): view('testUser', [...])
 6 SYSTEMPATH/CodeIgniter.php(974): App\Controllers\Home->testUser('1')
 7 SYSTEMPATH/CodeIgniter.php(520): CodeIgniter\CodeIgniter->runController(Object(App\Controllers\Home))
 8 SYSTEMPATH/CodeIgniter.php(363): CodeIgniter\CodeIgniter->handleRequest(null, Object(Config\Cache), false)
 9 SYSTEMPATH/Boot.php(417): CodeIgniter\CodeIgniter->run()
10 SYSTEMPATH/Boot.php(68): CodeIgniter\Boot::runCodeIgniter(Object(CodeIgniter\CodeIgniter))
11 FCPATH/index.php(59): CodeIgniter\Boot::bootWeb(Object(Config\Paths))
CRITICAL - 2026-09-18 16:41:31 --> ErrorException: Undefined variable $users
[Method: GET, Route: testUser/1]
in APPPATH/Views/testUser.php on line 13.
 1 APPPATH/Views/testUser.php(13): CodeIgniter\Debug\Exceptions->errorHandler(2, 'Undefined variable $users', '/Applications/MAMP/htdocs/Escrow/app/Views/testUser.php', 13)
 2 SYSTEMPATH/View/View.php(240): include('/Applications/MAMP/htdocs/Escrow/app/Views/testUser.php')
 3 SYSTEMPATH/View/View.php(243): CodeIgniter\View\View->CodeIgniter\View\{closure}()
 4 SYSTEMPATH/Common.php(1268): CodeIgniter\View\View->render('testUser', [], true)
 5 APPPATH/Controllers/Home.php(22): view('testUser', [...])
 6 SYSTEMPATH/CodeIgniter.php(974): App\Controllers\Home->testUser('1')
 7 SYSTEMPATH/CodeIgniter.php(520): CodeIgniter\CodeIgniter->runController(Object(App\Controllers\Home))
 8 SYSTEMPATH/CodeIgniter.php(363): CodeIgniter\CodeIgniter->handleRequest(null, Object(Config\Cache), false)
 9 SYSTEMPATH/Boot.php(417): CodeIgniter\CodeIgniter->run()
10 SYSTEMPATH/Boot.php(68): CodeIgniter\Boot::runCodeIgniter(Object(CodeIgniter\CodeIgniter))
11 FCPATH/index.php(59): CodeIgniter\Boot::bootWeb(Object(Config\Paths))
CRITICAL - 2026-09-18 16:41:31 --> ErrorException: Undefined variable $users
[Method: GET, Route: testUser/1]
in APPPATH/Views/testUser.php on line 13.
 1 APPPATH/Views/testUser.php(13): CodeIgniter\Debug\Exceptions->errorHandler(2, 'Undefined variable $users', '/Applications/MAMP/htdocs/Escrow/app/Views/testUser.php', 13)
 2 SYSTEMPATH/View/View.php(240): include('/Applications/MAMP/htdocs/Escrow/app/Views/testUser.php')
 3 SYSTEMPATH/View/View.php(243): CodeIgniter\View\View->CodeIgniter\View\{closure}()
 4 SYSTEMPATH/Common.php(1268): CodeIgniter\View\View->render('testUser', [], true)
 5 APPPATH/Controllers/Home.php(22): view('testUser', [...])
 6 SYSTEMPATH/CodeIgniter.php(974): App\Controllers\Home->testUser('1')
 7 SYSTEMPATH/CodeIgniter.php(520): CodeIgniter\CodeIgniter->runController(Object(App\Controllers\Home))
 8 SYSTEMPATH/CodeIgniter.php(363): CodeIgniter\CodeIgniter->handleRequest(null, Object(Config\Cache), false)
 9 SYSTEMPATH/Boot.php(417): CodeIgniter\CodeIgniter->run()
10 SYSTEMPATH/Boot.php(68): CodeIgniter\Boot::runCodeIgniter(Object(CodeIgniter\CodeIgniter))
11 FCPATH/index.php(59): CodeIgniter\Boot::bootWeb(Object(Config\Paths))
CRITICAL - 2026-09-18 17:33:44 --> ErrorException: Undefined variable $users
[Method: GET, Route: testUser/1]
in APPPATH/Views/testUser.php on line 15.
 1 APPPATH/Views/testUser.php(15): CodeIgniter\Debug\Exceptions->errorHandler(2, 'Undefined variable $users', '/Applications/MAMP/htdocs/Escrow/app/Views/testUser.php', 15)
 2 SYSTEMPATH/View/View.php(240): include('/Applications/MAMP/htdocs/Escrow/app/Views/testUser.php')
 3 SYSTEMPATH/View/View.php(243): CodeIgniter\View\View->CodeIgniter\View\{closure}()
 4 SYSTEMPATH/Common.php(1268): CodeIgniter\View\View->render('testUser', [], true)
 5 APPPATH/Controllers/Home.php(22): view('testUser', [...])
 6 SYSTEMPATH/CodeIgniter.php(974): App\Controllers\Home->testUser('1')
 7 SYSTEMPATH/CodeIgniter.php(520): CodeIgniter\CodeIgniter->runController(Object(App\Controllers\Home))
 8 SYSTEMPATH/CodeIgniter.php(363): CodeIgniter\CodeIgniter->handleRequest(null, Object(Config\Cache), false)
 9 SYSTEMPATH/Boot.php(417): CodeIgniter\CodeIgniter->run()
10 SYSTEMPATH/Boot.php(68): CodeIgniter\Boot::runCodeIgniter(Object(CodeIgniter\CodeIgniter))
11 FCPATH/index.php(59): CodeIgniter\Boot::bootWeb(Object(Config\Paths))
CRITICAL - 2026-09-18 18:57:50 --> ErrorException: Undefined variable $id
[Method: GET, Route: testUser/1]
in APPPATH/Views/testUser.php on line 26.
 1 APPPATH/Views/testUser.php(26): CodeIgniter\Debug\Exceptions->errorHandler(2, 'Undefined variable $id', '/Applications/MAMP/htdocs/Escrow/app/Views/testUser.php', 26)
 2 SYSTEMPATH/View/View.php(240): include('/Applications/MAMP/htdocs/Escrow/app/Views/testUser.php')
 3 SYSTEMPATH/View/View.php(243): CodeIgniter\View\View->CodeIgniter\View\{closure}()
 4 SYSTEMPATH/Common.php(1268): CodeIgniter\View\View->render('testUser', [], true)
 5 APPPATH/Controllers/Home.php(25): view('testUser', [...])
 6 SYSTEMPATH/CodeIgniter.php(974): App\Controllers\Home->testUser('1')
 7 SYSTEMPATH/CodeIgniter.php(520): CodeIgniter\CodeIgniter->runController(Object(App\Controllers\Home))
 8 SYSTEMPATH/CodeIgniter.php(363): CodeIgniter\CodeIgniter->handleRequest(null, Object(Config\Cache), false)
 9 SYSTEMPATH/Boot.php(417): CodeIgniter\CodeIgniter->run()
10 SYSTEMPATH/Boot.php(68): CodeIgniter\Boot::runCodeIgniter(Object(CodeIgniter\CodeIgniter))
11 FCPATH/index.php(59): CodeIgniter\Boot::bootWeb(Object(Config\Paths))
CRITICAL - 2026-09-18 18:57:51 --> ErrorException: Undefined variable $id
[Method: GET, Route: testUser/1]
in APPPATH/Views/testUser.php on line 26.
 1 APPPATH/Views/testUser.php(26): CodeIgniter\Debug\Exceptions->errorHandler(2, 'Undefined variable $id', '/Applications/MAMP/htdocs/Escrow/app/Views/testUser.php', 26)
 2 SYSTEMPATH/View/View.php(240): include('/Applications/MAMP/htdocs/Escrow/app/Views/testUser.php')
 3 SYSTEMPATH/View/View.php(243): CodeIgniter\View\View->CodeIgniter\View\{closure}()
 4 SYSTEMPATH/Common.php(1268): CodeIgniter\View\View->render('testUser', [], true)
 5 APPPATH/Controllers/Home.php(25): view('testUser', [...])
 6 SYSTEMPATH/CodeIgniter.php(974): App\Controllers\Home->testUser('1')
 7 SYSTEMPATH/CodeIgniter.php(520): CodeIgniter\CodeIgniter->runController(Object(App\Controllers\Home))
 8 SYSTEMPATH/CodeIgniter.php(363): CodeIgniter\CodeIgniter->handleRequest(null, Object(Config\Cache), false)
 9 SYSTEMPATH/Boot.php(417): CodeIgniter\CodeIgniter->run()
10 SYSTEMPATH/Boot.php(68): CodeIgniter\Boot::runCodeIgniter(Object(CodeIgniter\CodeIgniter))
11 FCPATH/index.php(59): CodeIgniter\Boot::bootWeb(Object(Config\Paths))
CRITICAL - 2026-09-18 18:57:52 --> ErrorException: Undefined variable $id
[Method: GET, Route: testUser/1]
in APPPATH/Views/testUser.php on line 26.
 1 APPPATH/Views/testUser.php(26): CodeIgniter\Debug\Exceptions->errorHandler(2, 'Undefined variable $id', '/Applications/MAMP/htdocs/Escrow/app/Views/testUser.php', 26)
 2 SYSTEMPATH/View/View.php(240): include('/Applications/MAMP/htdocs/Escrow/app/Views/testUser.php')
 3 SYSTEMPATH/View/View.php(243): CodeIgniter\View\View->CodeIgniter\View\{closure}()
 4 SYSTEMPATH/Common.php(1268): CodeIgniter\View\View->render('testUser', [], true)
 5 APPPATH/Controllers/Home.php(25): view('testUser', [...])
 6 SYSTEMPATH/CodeIgniter.php(974): App\Controllers\Home->testUser('1')
 7 SYSTEMPATH/CodeIgniter.php(520): CodeIgniter\CodeIgniter->runController(Object(App\Controllers\Home))
 8 SYSTEMPATH/CodeIgniter.php(363): CodeIgniter\CodeIgniter->handleRequest(null, Object(Config\Cache), false)
 9 SYSTEMPATH/Boot.php(417): CodeIgniter\CodeIgniter->run()
10 SYSTEMPATH/Boot.php(68): CodeIgniter\Boot::runCodeIgniter(Object(CodeIgniter\CodeIgniter))
11 FCPATH/index.php(59): CodeIgniter\Boot::bootWeb(Object(Config\Paths))
CRITICAL - 2026-09-18 18:57:52 --> ErrorException: Undefined variable $id
[Method: GET, Route: testUser/1]
in APPPATH/Views/testUser.php on line 26.
 1 APPPATH/Views/testUser.php(26): CodeIgniter\Debug\Exceptions->errorHandler(2, 'Undefined variable $id', '/Applications/MAMP/htdocs/Escrow/app/Views/testUser.php', 26)
 2 SYSTEMPATH/View/View.php(240): include('/Applications/MAMP/htdocs/Escrow/app/Views/testUser.php')
 3 SYSTEMPATH/View/View.php(243): CodeIgniter\View\View->CodeIgniter\View\{closure}()
 4 SYSTEMPATH/Common.php(1268): CodeIgniter\View\View->render('testUser', [], true)
 5 APPPATH/Controllers/Home.php(25): view('testUser', [...])
 6 SYSTEMPATH/CodeIgniter.php(974): App\Controllers\Home->testUser('1')
 7 SYSTEMPATH/CodeIgniter.php(520): CodeIgniter\CodeIgniter->runController(Object(App\Controllers\Home))
 8 SYSTEMPATH/CodeIgniter.php(363): CodeIgniter\CodeIgniter->handleRequest(null, Object(Config\Cache), false)
 9 SYSTEMPATH/Boot.php(417): CodeIgniter\CodeIgniter->run()
10 SYSTEMPATH/Boot.php(68): CodeIgniter\Boot::runCodeIgniter(Object(CodeIgniter\CodeIgniter))
11 FCPATH/index.php(59): CodeIgniter\Boot::bootWeb(Object(Config\Paths))
CRITICAL - 2026-09-18 18:57:53 --> ErrorException: Undefined variable $id
[Method: GET, Route: testUser/1]
in APPPATH/Views/testUser.php on line 26.
 1 APPPATH/Views/testUser.php(26): CodeIgniter\Debug\Exceptions->errorHandler(2, 'Undefined variable $id', '/Applications/MAMP/htdocs/Escrow/app/Views/testUser.php', 26)
 2 SYSTEMPATH/View/View.php(240): include('/Applications/MAMP/htdocs/Escrow/app/Views/testUser.php')
 3 SYSTEMPATH/View/View.php(243): CodeIgniter\View\View->CodeIgniter\View\{closure}()
 4 SYSTEMPATH/Common.php(1268): CodeIgniter\View\View->render('testUser', [], true)
 5 APPPATH/Controllers/Home.php(25): view('testUser', [...])
 6 SYSTEMPATH/CodeIgniter.php(974): App\Controllers\Home->testUser('1')
 7 SYSTEMPATH/CodeIgniter.php(520): CodeIgniter\CodeIgniter->runController(Object(App\Controllers\Home))
 8 SYSTEMPATH/CodeIgniter.php(363): CodeIgniter\CodeIgniter->handleRequest(null, Object(Config\Cache), false)
 9 SYSTEMPATH/Boot.php(417): CodeIgniter\CodeIgniter->run()
10 SYSTEMPATH/Boot.php(68): CodeIgniter\Boot::runCodeIgniter(Object(CodeIgniter\CodeIgniter))
11 FCPATH/index.php(59): CodeIgniter\Boot::bootWeb(Object(Config\Paths))
CRITICAL - 2026-09-18 18:57:54 --> ErrorException: Undefined variable $id
[Method: GET, Route: testUser/1]
in APPPATH/Views/testUser.php on line 26.
 1 APPPATH/Views/testUser.php(26): CodeIgniter\Debug\Exceptions->errorHandler(2, 'Undefined variable $id', '/Applications/MAMP/htdocs/Escrow/app/Views/testUser.php', 26)
 2 SYSTEMPATH/View/View.php(240): include('/Applications/MAMP/htdocs/Escrow/app/Views/testUser.php')
 3 SYSTEMPATH/View/View.php(243): CodeIgniter\View\View->CodeIgniter\View\{closure}()
 4 SYSTEMPATH/Common.php(1268): CodeIgniter\View\View->render('testUser', [], true)
 5 APPPATH/Controllers/Home.php(25): view('testUser', [...])
 6 SYSTEMPATH/CodeIgniter.php(974): App\Controllers\Home->testUser('1')
 7 SYSTEMPATH/CodeIgniter.php(520): CodeIgniter\CodeIgniter->runController(Object(App\Controllers\Home))
 8 SYSTEMPATH/CodeIgniter.php(363): CodeIgniter\CodeIgniter->handleRequest(null, Object(Config\Cache), false)
 9 SYSTEMPATH/Boot.php(417): CodeIgniter\CodeIgniter->run()
10 SYSTEMPATH/Boot.php(68): CodeIgniter\Boot::runCodeIgniter(Object(CodeIgniter\CodeIgniter))
11 FCPATH/index.php(59): CodeIgniter\Boot::bootWeb(Object(Config\Paths))
CRITICAL - 2026-09-18 18:57:55 --> ErrorException: Undefined variable $id
[Method: GET, Route: testUser/1]
in APPPATH/Views/testUser.php on line 26.
 1 APPPATH/Views/testUser.php(26): CodeIgniter\Debug\Exceptions->errorHandler(2, 'Undefined variable $id', '/Applications/MAMP/htdocs/Escrow/app/Views/testUser.php', 26)
 2 SYSTEMPATH/View/View.php(240): include('/Applications/MAMP/htdocs/Escrow/app/Views/testUser.php')
 3 SYSTEMPATH/View/View.php(243): CodeIgniter\View\View->CodeIgniter\View\{closure}()
 4 SYSTEMPATH/Common.php(1268): CodeIgniter\View\View->render('testUser', [], true)
 5 APPPATH/Controllers/Home.php(25): view('testUser', [...])
 6 SYSTEMPATH/CodeIgniter.php(974): App\Controllers\Home->testUser('1')
 7 SYSTEMPATH/CodeIgniter.php(520): CodeIgniter\CodeIgniter->runController(Object(App\Controllers\Home))
 8 SYSTEMPATH/CodeIgniter.php(363): CodeIgniter\CodeIgniter->handleRequest(null, Object(Config\Cache), false)
 9 SYSTEMPATH/Boot.php(417): CodeIgniter\CodeIgniter->run()
10 SYSTEMPATH/Boot.php(68): CodeIgniter\Boot::runCodeIgniter(Object(CodeIgniter\CodeIgniter))
11 FCPATH/index.php(59): CodeIgniter\Boot::bootWeb(Object(Config\Paths))
CRITICAL - 2026-09-18 18:57:56 --> ErrorException: Undefined variable $id
[Method: GET, Route: testUser/1]
in APPPATH/Views/testUser.php on line 26.
 1 APPPATH/Views/testUser.php(26): CodeIgniter\Debug\Exceptions->errorHandler(2, 'Undefined variable $id', '/Applications/MAMP/htdocs/Escrow/app/Views/testUser.php', 26)
 2 SYSTEMPATH/View/View.php(240): include('/Applications/MAMP/htdocs/Escrow/app/Views/testUser.php')
 3 SYSTEMPATH/View/View.php(243): CodeIgniter\View\View->CodeIgniter\View\{closure}()
 4 SYSTEMPATH/Common.php(1268): CodeIgniter\View\View->render('testUser', [], true)
 5 APPPATH/Controllers/Home.php(25): view('testUser', [...])
 6 SYSTEMPATH/CodeIgniter.php(974): App\Controllers\Home->testUser('1')
 7 SYSTEMPATH/CodeIgniter.php(520): CodeIgniter\CodeIgniter->runController(Object(App\Controllers\Home))
 8 SYSTEMPATH/CodeIgniter.php(363): CodeIgniter\CodeIgniter->handleRequest(null, Object(Config\Cache), false)
 9 SYSTEMPATH/Boot.php(417): CodeIgniter\CodeIgniter->run()
10 SYSTEMPATH/Boot.php(68): CodeIgniter\Boot::runCodeIgniter(Object(CodeIgniter\CodeIgniter))
11 FCPATH/index.php(59): CodeIgniter\Boot::bootWeb(Object(Config\Paths))
